--------- beginning of crash
09-04 07:52:13.846  3059  3075 E AndroidRuntime: FATAL EXCEPTION: CollPoll-Startup
09-04 07:52:13.846  3059  3075 E AndroidRuntime: Process: com.butterflyinnovations.collpoll, PID: 3059
09-04 07:52:13.846  3059  3075 E AndroidRuntime: java.lang.ExceptionInInitializerError
09-04 07:52:13.846  3059  3075 E AndroidRuntime: 	at com.butterflyinnovations.collpoll.CollPollApplication.C(SourceFile:16)
09-04 07:52:13.846  3059  3075 E AndroidRuntime: 	at com.butterflyinnovations.collpoll.CollPollApplication.b(SourceFile:1)
09-04 07:52:13.846  3059  3075 E AndroidRuntime: 	at com.butterflyinnovations.collpoll.y.run(SourceFile:1)
09-04 07:52:13.846  3059  3075 E AndroidRuntime: 	at java.lang.Thread.run(Thread.java:1572)
09-04 07:52:13.846  3059  3075 E AndroidRuntime: Caused by: java.lang.IllegalStateException: SharedPreferences in credential encrypted storage are not available until after user (id 0) is unlocked
09-04 07:52:13.846  3059  3075 E AndroidRuntime: 	at android.app.ContextImpl.getSharedPreferences(ContextImpl.java:631)
09-04 07:52:13.846  3059  3075 E AndroidRuntime: 	at android.app.ContextImpl.getSharedPreferences(ContextImpl.java:609)
09-04 07:52:13.846  3059  3075 E AndroidRuntime: 	at android.content.ContextWrapper.getSharedPreferences(ContextWrapper.java:223)
09-04 07:52:13.846  3059  3075 E AndroidRuntime: 	at com.butterflyinnovations.collpoll.common.Utils.h1(SourceFile:4)
09-04 07:52:13.846  3059  3075 E AndroidRuntime: 	at com.butterflyinnovations.collpoll.lokilogs.loggers.LokiHelper.lokiConfig_delegate$lambda$0(SourceFile:9)
09-04 07:52:13.846  3059  3075 E AndroidRuntime: 	at com.butterflyinnovations.collpoll.lokilogs.loggers.LokiHelper.e(SourceFile:1)
09-04 07:52:13.846  3059  3075 E AndroidRuntime: 	at com.butterflyinnovations.collpoll.lokilogs.loggers.e.invoke(SourceFile:1)
09-04 07:52:13.846  3059  3075 E AndroidRuntime: 	at ss.z.getValue(SourceFile:21)
09-04 07:52:13.846  3059  3075 E AndroidRuntime: 	at com.butterflyinnovations.collpoll.lokilogs.loggers.LokiHelper.getLokiConfig(SourceFile:3)
09-04 07:52:13.846  3059  3075 E AndroidRuntime: 	at com.butterflyinnovations.collpoll.lokilogs.LokiLogger.<clinit>(SourceFile:18)
09-04 07:52:13.846  3059  3075 E AndroidRuntime: 	... 4 more
